../Core/Src/GPS.c:15:19:GPS_Init	8	static
../Core/Src/GPS.c:50:6:GPS_IRQHandler	16	static
../Core/Src/GPS.c:108:6:GPS_IsSentenceReady	4	static
../Core/Src/GPS.c:117:7:GPS_GetSentence	4	static
../Core/Src/GPS.c:132:6:GPS_ParseSentence	16	static
../Core/Src/GPS.c:166:6:GPS_ParseGGA	432	static
../Core/Src/GPS.c:224:6:GPS_ParseRMC	432	static
../Core/Src/GPS.c:271:6:GPS_ParseGSA	424	static
../Core/Src/GPS.c:296:9:GPS_CalculateChecksum	24	static
../Core/Src/GPS.c:312:6:GPS_ValidateChecksum	32	static
../Core/Src/GPS.c:333:5:GPS_ParseFields	40	static
../Core/Src/GPS.c:381:8:GPS_ConvertToDecimalDegrees	64	static
../Core/Src/GPS.c:418:12:GPS_GetFix	4	static
../Core/Src/GPS.c:426:6:GPS_PrintDebugInfo	8	static
../Core/Src/GPS.c:439:19:GPS_SendCommand	128	static
../Core/Src/GPS.c:462:6:GPS_AutobaudScan	48	static
