../Core/Src/LORA.c:47:20:sx_cs_low	8	static
../Core/Src/LORA.c:48:20:sx_cs_high	8	static
../Core/Src/LORA.c:53:13:log_init	8	static
../Core/Src/LORA.c:58:6:sx_log	176	static
../Core/Src/LORA.c:67:9:sx_read	32	static
../Core/Src/LORA.c:77:6:sx_write	24	static
../Core/Src/LORA.c:85:6:sx_burst_write	24	static
../Core/Src/LORA.c:93:6:sx_burst_read	24	static
../Core/Src/LORA.c:103:6:sx_enter_lora_mode	16	static
../Core/Src/LORA.c:115:6:sx_set_freq_hz	32	static
../Core/Src/LORA.c:123:6:sx_detect	16	static
../Core/Src/LORA.c:129:6:sx_dump	24	static
../Core/Src/LORA.c:137:6:sx1276_min_demo	16	static
