../Core/Inc/BMP280.h:106:21:bmp280_altitude_m_from_pa	24	static
../Core/Src/main.c:87:13:IMU_Calibrate	200	static
../Core/Src/main.c:141:5:main	272	static
../Core/Src/main.c:426:6:SystemClock_Config	88	static
../Core/Src/main.c:472:13:MX_SPI1_Init	8	static
../Core/Src/main.c:510:13:MX_SPI2_Init	8	static
../Core/Src/main.c:548:13:MX_SPI3_Init	8	static
../Core/Src/main.c:586:13:MX_USART1_UART_Init	8	static
../Core/Src/main.c:619:13:MX_USART2_UART_Init	8	static
../Core/Src/main.c:652:13:MX_GPIO_Init	40	static
../Core/Src/main.c:691:13:BMP280_AppInit	24	static
../Core/Src/main.c:714:6:Error_Handler	4	static,ignoring_inline_asm
